python manage.py createsuperuser
python manage.py runserver

Traceback (most recent call last):
  File "/Users/jeffrojas/Desktop/satawo/backend/manage.py", line 11, in <module>
    main()
  File "/Users/jeffrojas/Desktop/satawo/backend/manage.py", line 9, in main
    execute_from_command_line(sys.argv)
  File "/Users/jeffrojas/Desktop/satawo/backend/backend/venv/lib/python3.10/site-packages/django/core/management/__init__.py", line 442, in execute_from_command_line
    utility.execute()
  File "/Users/jeffrojas/Desktop/satawo/backend/backend/venv/lib/python3.10/site-packages/django/core/management/__init__.py", line 436, in execute
    self.fetch_command(subcommand).run_from_argv(self.argv)
  File "/Users/jeffrojas/Desktop/satawo/backend/backend/venv/lib/python3.10/site-packages/django/core/management/base.py", line 412, in run_from_argv
    self.execute(*args, **cmd_options)
  File "/Users/jeffrojas/Desktop/satawo/backend/backend/venv/lib/python3.10/site-packages/django/core/management/base.py", line 458, in execute
    output = self.handle(*args, **options)
  File "/Users/jeffrojas/Desktop/satawo/backend/backend/venv/lib/python3.10/site-packages/django/core/management/base.py", line 103, in wrapper
    saved_locale = translation.get_language()
  File "/Users/jeffrojas/Desktop/satawo/backend/backend/venv/lib/python3.10/site-packages/django/utils/translation/__init__.py", line 210, in get_language
    return _trans.get_language()
  File "/Users/jeffrojas/Desktop/satawo/backend/backend/venv/lib/python3.10/site-packages/django/utils/translation/__init__.py", line 65, in __getattr__
    if settings.USE_I18N:
  File "/Users/jeffrojas/Desktop/satawo/backend/backend/venv/lib/python3.10/site-packages/django/conf/__init__.py", line 102, in __getattr__
    self._setup(name)
  File "/Users/jeffrojas/Desktop/satawo/backend/backend/venv/lib/python3.10/site-packages/django/conf/__init__.py", line 89, in _setup
    self._wrapped = Settings(settings_module)
  File "/Users/jeffrojas/Desktop/satawo/backend/backend/venv/lib/python3.10/site-packages/django/conf/__init__.py", line 217, in __init__
    mod = importlib.import_module(self.SETTINGS_MODULE)
  File "/Library/Frameworks/Python.framework/Versions/3.10/lib/python3.10/importlib/__init__.py", line 126, in import_module
    return _bootstrap._gcd_import(name[level:], package, level)
  File "<frozen importlib._bootstrap>", line 1050, in _gcd_import
  File "<frozen importlib._bootstrap>", line 1027, in _find_and_load
  File "<frozen importlib._bootstrap>", line 1006, in _find_and_load_unlocked
  File "<frozen importlib._bootstrap>", line 688, in _load_unlocked
  File "<frozen importlib._bootstrap_external>", line 883, in exec_module
  File "<frozen importlib._bootstrap>", line 241, in _call_with_frames_removed
  File "/Users/jeffrojas/Desktop/satawo/backend/backend/settings.py", line 38, in <module>
    SECRET_KEY = env("DJANGO_SECRET_KEY", required=True)
  File "/Users/jeffrojas/Desktop/satawo/backend/backend/settings.py", line 34, in env
    raise ImproperlyConfigured(f"Missing required environment variable: {key}")
django.core.exceptions.ImproperlyConfigured: Missing required environment variable: DJANGO_SECRET_KEY
Traceback (most recent call last):
  File "/Users/jeffrojas/Desktop/satawo/backend/backend/venv/lib/python3.10/site-packages/django/core/management/__init__.py", line 255, in fetch_command
    app_name = commands[subcommand]
KeyError: 'createsuperuser'

During handling of the above exception, another exception occurred:

Traceback (most recent call last):
  File "/Users/jeffrojas/Desktop/satawo/backend/manage.py", line 11, in <module>
    main()
  File "/Users/jeffrojas/Desktop/satawo/backend/manage.py", line 9, in main
    execute_from_command_line(sys.argv)
  File "/Users/jeffrojas/Desktop/satawo/backend/backend/venv/lib/python3.10/site-packages/django/core/management/__init__.py", line 442, in execute_from_command_line
    utility.execute()
  File "/Users/jeffrojas/Desktop/satawo/backend/backend/venv/lib/python3.10/site-packages/django/core/management/__init__.py", line 436, in execute
    self.fetch_command(subcommand).run_from_argv(self.argv)
  File "/Users/jeffrojas/Desktop/satawo/backend/backend/venv/lib/python3.10/site-packages/django/core/management/__init__.py", line 262, in fetch_command
    settings.INSTALLED_APPS
  File "/Users/jeffrojas/Desktop/satawo/backend/backend/venv/lib/python3.10/site-packages/django/conf/__init__.py", line 102, in __getattr__
    self._setup(name)
  File "/Users/jeffrojas/Desktop/satawo/backend/backend/venv/lib/python3.10/site-packages/django/conf/__init__.py", line 89, in _setup
    self._wrapped = Settings(settings_module)
  File "/Users/jeffrojas/Desktop/satawo/backend/backend/venv/lib/python3.10/site-packages/django/conf/__init__.py", line 217, in __init__
    mod = importlib.import_module(self.SETTINGS_MODULE)
  File "/Library/Frameworks/Python.framework/Versions/3.10/lib/python3.10/importlib/__init__.py", line 126, in import_module
    return _bootstrap._gcd_import(name[level:], package, level)
  File "<frozen importlib._bootstrap>", line 1050, in _gcd_import
  File "<frozen importlib._bootstrap>", line 1027, in _find_and_load
  File "<frozen importlib._bootstrap>", line 1006, in _find_and_load_unlocked
  File "<frozen importlib._bootstrap>", line 688, in _load_unlocked
  File "<frozen importlib._bootstrap_external>", line 883, in exec_module
  File "<frozen importlib._bootstrap>", line 241, in _call_with_frames_removed
  File "/Users/jeffrojas/Desktop/satawo/backend/backend/settings.py", line 38, in <module>
    SECRET_KEY = env("DJANGO_SECRET_KEY", required=True)
  File "/Users/jeffrojas/Desktop/satawo/backend/backend/settings.py", line 34, in env
    raise ImproperlyConfigured(f"Missing required environment variable: {key}")
django.core.exceptions.ImproperlyConfigured: Missing required environment variable: DJANGO_SECRET_KEY
Traceback (most recent call last):
  File "/Users/jeffrojas/Desktop/satawo/backend/manage.py", line 11, in <module>
    main()
  File "/Users/jeffrojas/Desktop/satawo/backend/manage.py", line 9, in main
    execute_from_command_line(sys.argv)
  File "/Users/jeffrojas/Desktop/satawo/backend/backend/venv/lib/python3.10/site-packages/django/core/management/__init__.py", line 442, in execute_from_command_line
    utility.execute()
  File "/Users/jeffrojas/Desktop/satawo/backend/backend/venv/lib/python3.10/site-packages/django/core/management/__init__.py", line 436, in execute
    self.fetch_command(subcommand).run_from_argv(self.argv)
  File "/Users/jeffrojas/Desktop/satawo/backend/backend/venv/lib/python3.10/site-packages/django/core/management/base.py", line 412, in run_from_argv
    self.execute(*args, **cmd_options)
  File "/Users/jeffrojas/Desktop/satawo/backend/backend/venv/lib/python3.10/site-packages/django/core/management/commands/runserver.py", line 74, in execute
    super().execute(*args, **options)
  File "/Users/jeffrojas/Desktop/satawo/backend/backend/venv/lib/python3.10/site-packages/django/core/management/base.py", line 458, in execute
    output = self.handle(*args, **options)
  File "/Users/jeffrojas/Desktop/satawo/backend/backend/venv/lib/python3.10/site-packages/django/core/management/commands/runserver.py", line 81, in handle
    if not settings.DEBUG and not settings.ALLOWED_HOSTS:
  File "/Users/jeffrojas/Desktop/satawo/backend/backend/venv/lib/python3.10/site-packages/django/conf/__init__.py", line 102, in __getattr__
    self._setup(name)
  File "/Users/jeffrojas/Desktop/satawo/backend/backend/venv/lib/python3.10/site-packages/django/conf/__init__.py", line 89, in _setup
    self._wrapped = Settings(settings_module)
  File "/Users/jeffrojas/Desktop/satawo/backend/backend/venv/lib/python3.10/site-packages/django/conf/__init__.py", line 217, in __init__
    mod = importlib.import_module(self.SETTINGS_MODULE)
  File "/Library/Frameworks/Python.framework/Versions/3.10/lib/python3.10/importlib/__init__.py", line 126, in import_module
    return _bootstrap._gcd_import(name[level:], package, level)
  File "<frozen importlib._bootstrap>", line 1050, in _gcd_import
  File "<frozen importlib._bootstrap>", line 1027, in _find_and_load
  File "<frozen importlib._bootstrap>", line 1006, in _find_and_load_unlocked
  File "<frozen importlib._bootstrap>", line 688, in _load_unlocked
  File "<frozen importlib._bootstrap_external>", line 883, in exec_module
  File "<frozen importlib._bootstrap>", line 241, in _call_with_frames_removed
  File "/Users/jeffrojas/Desktop/satawo/backend/backend/settings.py", line 38, in <module>
    SECRET_KEY = env("DJANGO_SECRET_KEY", required=True)
  File "/Users/jeffrojas/Desktop/satawo/backend/backend/settings.py", line 34, in env
    raise ImproperlyConfigured(f"Missing required environment variable: {key}")
django.core.exceptions.ImproperlyConfigured: Missing required environment variable: DJANGO_SECRET_KEY
(venv) jeffrojas@Jeffs-MacBook-Pro backend % 
